/data/hongzefu/robomme_benchmark_MotionJEPANewTask/.venv/lib/python3.11/site-packages/torch/cuda/__init__.py:63: FutureWarning: The pynvml package is deprecated. Please install nvidia-ml-py instead. If you did not install pynvml directly, please report this to the maintainers of the package that installed pynvml for you.
  import pynvml  # type: ignore[import]
/data/hongzefu/robomme_benchmark_MotionJEPANewTask/.venv/lib/python3.11/site-packages/sapien/__init__.py:18: UserWarning: pkg_resources is deprecated as an API. See https://setuptools.pypa.io/en/latest/pkg_resources.html. The pkg_resources package is slated for removal as early as 2025-11-30. Refrain from using this package or pin to Setuptools<81.
  import pkg_resources
Warning: link 'camera_link' material 'aluminum' undefined.
         at line 85 in /workspace/urdfdom/urdf_parser/src/model.cpp
Warning: link 'camera_link' material 'aluminum' undefined.
         at line 85 in /workspace/urdfdom/urdf_parser/src/model.cpp
Warning: link 'camera_link' material 'aluminum' undefined.
         at line 85 in /workspace/urdfdom/urdf_parser/src/model.cpp
Warning: link 'camera_link' material 'aluminum' undefined.
         at line 85 in /workspace/urdfdom/urdf_parser/src/model.cpp
Warning: link 'camera_link' material 'aluminum' undefined.
         at line 85 in /workspace/urdfdom/urdf_parser/src/model.cpp
Warning: link 'camera_link' material 'aluminum' undefined.
         at line 85 in /workspace/urdfdom/urdf_parser/src/model.cpp
Warning: link 'camera_link' material 'aluminum' undefined.
         at line 85 in /workspace/urdfdom/urdf_parser/src/model.cpp
Warning: link 'camera_link' material 'aluminum' undefined.
         at line 85 in /workspace/urdfdom/urdf_parser/src/model.cpp
[1/1] RouteStick/episode_0 succeeded with seed 16000 (attempt 0, 13.922s)
H5_EXECUTION=PASS requested=1 succeeded=1 failed=0
