开始冻结旧跑前图
  出图 BinFill/easy：7 张
  出图 BinFill/medium：7 张
  出图 BinFill/hard：7 张
  出图 RouteStick/easy：7 张
  出图 RouteStick/medium：7 张
  出图 RouteStick/hard：7 张
  出图 RouteStick/xhard：7 张
  出图 VideoUnmaskSwap/easy：7 张
  出图 VideoUnmaskSwap/medium：7 张
  出图 VideoUnmaskSwap/hard：7 张
  出图 VideoUnmaskSwap/xhard：7 张
  出图 VideoRepick/easy：7 张
  出图 VideoRepick/medium：7 张
  出图 VideoRepick/xhard：7 张
PLOT2D_BEFORE=PASS groups=14 files=98 episodes=30 min_long_edge_px=2420 font=Noto Sans CJK JP
旧事件表已冻结 groups=14 rows=156，开始读取全部 HDF5
旧数轴读取完成 kept=1795 excluded=1，开始出图
  出图 BinFill/easy：150 行
  出图 BinFill/medium：149 行
  出图 BinFill/hard：139 行
  出图 RouteStick/easy：115 行
  出图 RouteStick/medium：115 行
  出图 RouteStick/hard：115 行
  出图 RouteStick/xhard：115 行
  出图 VideoUnmaskSwap/easy：115 行
  出图 VideoUnmaskSwap/medium：115 行
  出图 VideoUnmaskSwap/hard：115 行
/data/hongzefu/robomme_benchmark_MotionJEPANewTask/scripts/injection-before-2d/plot_sampling_windows.py:170: UserWarning: Glyph 10005 (\N{MULTIPLICATION X}) missing from font(s) Noto Sans CJK JP.
  fig.savefig(out, dpi=DPI)
  出图 VideoUnmaskSwap/xhard：112 行（另有剔除 1 行灰化）
  出图 VideoRepick/easy：150 行
  出图 VideoRepick/medium：146 行
  出图 VideoRepick/xhard：144 行
WINDOWS_PLOT=PASS groups=14 files=15 min_long_edge_px=4138 font=Noto Sans CJK JP
BASELINE_CAPTURED=PASS png=113 tables=14 before=1796 kept=1795 excluded=1 skipped=0 elapsed_s=977.79
EXIT_CODE=0
